[backblue.gif]
[fade.gif]
[index.html]
[app.surveoo.com/index.html]
[app.surveoo.com/en/index.html]
[app.surveoo.com/en/logind41d.html]
[cdn-app.surveoo.com/assets/plugins/global/plugins.bundle3860.css]
[cdn-app.surveoo.com/assets/plugins/custom/prismjs/prismjs.bundle3860.css]
[cdn-app.surveoo.com/assets/css/themes/layout/header/base/light.css]
[cdn-app.surveoo.com/assets/css/style3860.css]
[cdn-app.surveoo.com/assets/css/themes/layout/header/menu/light.css]
[cdn-app.surveoo.com/assets/css/themes/layout/brand/dark.css]
[cdn-app.surveoo.com/assets/css/themes/layout/aside/dark.css]
[cdn-app.surveoo.com/assets/css/custom3860.css]
[cdn-app.surveoo.com/assets/icons/apple-touch-icon.png]
[cdn-app.surveoo.com/assets/icons/favicon-32x32.png]
[cdn-app.surveoo.com/assets/icons/favicon-16x16.png]
[cdn-app.surveoo.com/assets/css/pages/users/login-3.css]
[cdn-app.surveoo.com/assets/media/bg/bg-3.jpg]
[cdn-app.surveoo.com/assets/plugins/custom/prismjs/prismjs.bundle.js]
[cdn-app.surveoo.com/assets/js/scripts.bundle.js]
[www.google.com/recaptcha/api2dd0.js]
[app.surveoo.com/en/logind41d.html]
[app.surveoo.com/assets/plugins/global/fonts/keenthemes-icons/Ki.eot]
[app.surveoo.com/assets/plugins/global/fonts/keenthemes-icons/Kid41d.eot]
[app.surveoo.com/assets/plugins/global/fonts/keenthemes-icons/Ki.woff]
[cdn-app.surveoo.com/assets/plugins/global/plugins.bundle.js]
[app.surveoo.com/assets/plugins/global/fonts/keenthemes-icons/Ki.ttf]
[app.surveoo.com/assets/plugins/global/fonts/keenthemes-icons/Ki.svg]
[app.surveoo.com/assets/plugins/global/fonts/summernote/summernote64fe.eot]
[app.surveoo.com/assets/plugins/global/fonts/summernote/summernote64fe.woff]
[app.surveoo.com/assets/plugins/global/fonts/summernote/summernote64fe.ttf]
[app.surveoo.com/assets/plugins/global/fonts/line-awesome/la-brands-400.eot]
[app.surveoo.com/assets/plugins/global/fonts/line-awesome/la-brands-400d41d.eot]
[app.surveoo.com/assets/plugins/global/fonts/line-awesome/la-brands-400.woff2]
[app.surveoo.com/assets/plugins/global/fonts/line-awesome/la-brands-400.woff]
[app.surveoo.com/assets/plugins/global/fonts/line-awesome/la-brands-400.ttf]
[app.surveoo.com/assets/plugins/global/fonts/line-awesome/la-regular-400.eot]
[app.surveoo.com/assets/plugins/global/fonts/line-awesome/la-regular-400d41d.eot]
[app.surveoo.com/assets/plugins/global/fonts/line-awesome/la-regular-400.woff2]
[app.surveoo.com/assets/plugins/global/fonts/line-awesome/la-brands-400.svg]
[app.surveoo.com/assets/plugins/global/fonts/line-awesome/la-regular-400.woff]
[app.surveoo.com/assets/plugins/global/fonts/line-awesome/la-regular-400.ttf]
[app.surveoo.com/assets/plugins/global/fonts/line-awesome/la-regular-400.svg]
[app.surveoo.com/assets/plugins/global/fonts/line-awesome/la-solid-900.eot]
[app.surveoo.com/assets/plugins/global/fonts/line-awesome/la-solid-900d41d.eot]
[app.surveoo.com/assets/plugins/global/fonts/line-awesome/la-solid-900.woff2]
[app.surveoo.com/assets/plugins/global/fonts/line-awesome/la-solid-900.woff]
[app.surveoo.com/assets/plugins/global/fonts/line-awesome/la-solid-900.ttf]
[app.surveoo.com/assets/plugins/global/fonts/flaticon/Flaticon.eot]
[app.surveoo.com/assets/plugins/global/fonts/line-awesome/la-solid-900.svg]
[app.surveoo.com/assets/plugins/global/fonts/flaticon/Flaticon.woff]
[app.surveoo.com/assets/plugins/global/fonts/flaticon/Flaticond41d.eot]
[app.surveoo.com/assets/plugins/global/fonts/flaticon/Flaticon.ttf]
[app.surveoo.com/assets/plugins/global/fonts/flaticon2/Flaticon2.eot]
[app.surveoo.com/assets/plugins/global/fonts/flaticon/Flaticon.svg]
[app.surveoo.com/assets/plugins/global/fonts/flaticon2/Flaticon2d41d.eot]
[app.surveoo.com/assets/plugins/global/fonts/flaticon2/Flaticon2.woff]
[app.surveoo.com/assets/plugins/global/fonts/flaticon2/Flaticon2.ttf]
[app.surveoo.com/assets/plugins/global/fonts/flaticon2/Flaticon2.svg]
[app.surveoo.com/assets/plugins/global/fonts/socicon/socicon.eot]
[app.surveoo.com/assets/plugins/global/fonts/socicon/socicond41d.eot]
[app.surveoo.com/assets/plugins/global/fonts/socicon/socicon.woff]
[app.surveoo.com/assets/plugins/global/fonts/socicon/socicon.ttf]
[app.surveoo.com/assets/plugins/global/fonts/socicon/socicon.svg]
[app.surveoo.com/en/assets/plugins/global/fonts/@fontawesome/fa-brands-400.eot]
[app.surveoo.com/assets/plugins/global/fonts/@fortawesome/fa-brands-400.woff2]
[app.surveoo.com/assets/plugins/global/fonts/@fortawesome/fa-brands-400.woff]
[app.surveoo.com/assets/plugins/global/fonts/@fortawesome/fa-brands-400.ttf]
[app.surveoo.com/assets/plugins/global/fonts/@fortawesome/fa-brands-400.svg]
[app.surveoo.com/en/assets/plugins/global/fonts/@fontawesome/fa-regular-400.eot]
[app.surveoo.com/assets/plugins/global/fonts/@fortawesome/fa-regular-400.woff2]
[app.surveoo.com/assets/plugins/global/fonts/@fortawesome/fa-regular-400.woff]
[app.surveoo.com/assets/plugins/global/fonts/@fortawesome/fa-regular-400.ttf]
[app.surveoo.com/assets/plugins/global/fonts/@fortawesome/fa-regular-400.svg]
[app.surveoo.com/en/assets/plugins/global/fonts/@fontawesome/fa-solid-900.eot]
[app.surveoo.com/assets/plugins/global/fonts/@fortawesome/fa-solid-900.woff2]
[app.surveoo.com/assets/plugins/global/fonts/@fortawesome/fa-solid-900.woff]
[app.surveoo.com/assets/plugins/global/fonts/@fortawesome/fa-solid-900.ttf]
[cdn-app.surveoo.com/assets/plugins/global/plugins.bundle3860.css]
[cdn-app.surveoo.com/assets/plugins/custom/prismjs/prismjs.bundle3860.css]
[cdn-app.surveoo.com/assets/css/style3860.css]
[cdn-app.surveoo.com/assets/css/themes/layout/header/base/light.css]
[cdn-app.surveoo.com/assets/css/themes/layout/header/menu/light.css]
[cdn-app.surveoo.com/assets/css/themes/layout/brand/dark.css]
[cdn-app.surveoo.com/assets/css/themes/layout/aside/dark.css]
[cdn-app.surveoo.com/assets/css/custom3860.css]
[cdn-app.surveoo.com/assets/css/pages/users/login-3.css]
[app.surveoo.com/index40be.html]
[app.surveoo.com/assets/plugins/global/fonts/keenthemes-icons/Ki.svg]
[app.surveoo.com/assets/plugins/global/fonts/line-awesome/la-brands-400.svg]
[app.surveoo.com/assets/plugins/global/fonts/line-awesome/la-regular-400.svg]
[app.surveoo.com/assets/plugins/global/fonts/line-awesome/la-solid-900.svg]
[app.surveoo.com/assets/plugins/global/fonts/flaticon/Flaticon.svg]
[app.surveoo.com/assets/plugins/global/fonts/flaticon2/Flaticon2.svg]
[app.surveoo.com/assets/plugins/global/fonts/socicon/socicon.svg]
[app.surveoo.com/en/assets/plugins/global/fonts/@fontawesome/fa-brands-400.html]
[app.surveoo.com/assets/plugins/global/fonts/@fortawesome/fa-brands-400.svg]
[app.surveoo.com/en/assets/plugins/global/fonts/@fontawesome/fa-regular-400.html]
[app.surveoo.com/assets/plugins/global/fonts/@fortawesome/fa-regular-400.svg]
[app.surveoo.com/en/assets/plugins/global/fonts/@fontawesome/fa-solid-900.html]
[app.surveoo.com/assets/plugins/global/fonts/@fortawesome/fa-solid-900.svg]
[app.surveoo.com/assets/plugins/global/fonts/@fortawesome/fa-solid-900.svg]
[app.surveoo.com/en/index40be.html]
[app.surveoo.com/en/login3114.html]
[app.surveoo.com/en/login3114.html]
